Col	Reference
---	---------
R1	Klein-Wassink W.J. 1927, Publ. Kapteyn Astr. Lab. no 41
R2	Vanderlinden H.L. 1933, Etude de l'amas de Praesepe (Gembloux)
R3	Artiukhina N.M. 1966, Trudy Gosud. Astr. Inst. Shternberga XXXIV, 181
R4	Heckmann O. 1925, Astr. Nach. 225, 49
R5	Artiukhina N.M. 1971, Soob. Gosud. Astr. Inst. no 172
R6	Hertzsprung E. 1917, Astr. Nach. 205, 71
R7	Ramberg J.M. 1941, Stockholms Obs. Ann. 13 no 9
R8	Strobel W. 1934, Astr. Nach. 253, 173
R9	Jones B.F., Cudworth K. 1983, Astron. J. 88, 215
R10	Jones B.F., Stauffer J.R. 1991, Astron. J. 102, 1080
R11	Russell J. 1977 (Thesis)
R12	Wang J.-j., Jiang P.-f. 1991, Acta Astron. Sinica 32, 185
R13	Hambly N.C. et al. 1995, Astron. Astrophys. Suppl. 109, 29
R14	Randich S., et al. 1995, Astron. Astrophys. 298, 115
R15	Anthony-Twarog B.J. 1982, ApJ 255, 245 / 1984, AJ 89, 267
